<w:document
    xmlns:mc="http://schemas.openxmlformats.org/markup-compatibility/2006"
    xmlns:w="http://schemas.openxmlformats.org/wordprocessingml/2006/main"
    xmlns:w14="http://schemas.microsoft.com/office/word/2010/wordml"
    mc:Ignorable="w14 w15 wp14">
    <w:body>
        <table colsep="0" frame="none" orient="port" pgwide="1" rowsep="0" tabstyle="TableGridLight">
            <tgroup cols="4">
                <colspec colname="c1" colwidth="22.50pt"/>
                <colspec colname="c2" colwidth="150.00pt"/>
                <colspec colname="c3" colwidth="147.00pt"/>
                <colspec colname="c4" colwidth="148.50pt"/>
                <tbody>
                    <row>
                        <entry align="center" valign="top">
                            <w:p>
                                <w:pPr>
                                    <w:pStyle w:val="Normal"/>
                                    <w:jc w:val="center"/>
                                </w:pPr>
                                <w:r>
                                    <w:t>1</w:t>
                                </w:r>
                            </w:p>
                            <w:p>
                                <w:pPr>
                                    <w:pStyle w:val="Normal"/>
                                    <w:jc w:val="center"/>
                                </w:pPr>
                                <w:r>
                                    <w:t>2</w:t>
                                </w:r>
                            </w:p>
                            <w:p>
                                <w:pPr>
                                    <w:pStyle w:val="Normal"/>
                                    <w:jc w:val="center"/>
                                </w:pPr>
                                <w:r>
                                    <w:t>3</w:t>
                                </w:r>
                            </w:p>
                        </entry>
                        <entry align="left" valign="top">
                            <w:p w14:noSpellErr="1">
                                <w:pPr>
                                    <w:pStyle w:val="Normal"/>
                                    <w:jc w:val="left"/>
                                </w:pPr>
                                <w:r>
                                    <w:t>Left-Top</w:t>
                                </w:r>
                            </w:p>
                            <w:p w14:noSpellErr="1">
                                <w:pPr>
                                    <w:pStyle w:val="Normal"/>
                                    <w:jc w:val="left"/>
                                </w:pPr>
                                <w:r>
                                    <w:t>Left-Top</w:t>
                                </w:r>
                            </w:p>
                        </entry>
                        <entry align="left" valign="middle">
                            <w:p w14:noSpellErr="1">
                                <w:pPr>
                                    <w:pStyle w:val="Normal"/>
                                    <w:jc w:val="left"/>
                                </w:pPr>
                                <w:r>
                                    <w:t>Left-Middle</w:t>
                                </w:r>
                            </w:p>
                            <w:p w14:noSpellErr="1">
                                <w:pPr>
                                    <w:pStyle w:val="Normal"/>
                                    <w:jc w:val="left"/>
                                </w:pPr>
                                <w:r>
                                    <w:t>Left-Middle</w:t>
                                </w:r>
                            </w:p>
                        </entry>
                        <entry align="left" valign="bottom">
                            <w:p w14:noSpellErr="1">
                                <w:pPr>
                                    <w:pStyle w:val="Normal"/>
                                    <w:jc w:val="left"/>
                                </w:pPr>
                                <w:r>
                                    <w:t>Left-Bottom</w:t>
                                </w:r>
                            </w:p>
                            <w:p w14:noSpellErr="1">
                                <w:pPr>
                                    <w:pStyle w:val="Normal"/>
                                    <w:jc w:val="left"/>
                                </w:pPr>
                                <w:r>
                                    <w:t>Left-Bottom</w:t>
                                </w:r>
                            </w:p>
                        </entry>
                    </row>
                    <row>
                        <entry align="center" valign="top">
                            <w:p>
                                <w:pPr>
                                    <w:pStyle w:val="Normal"/>
                                    <w:jc w:val="center"/>
                                </w:pPr>
                                <w:r>
                                    <w:t>1</w:t>
                                </w:r>
                            </w:p>
                            <w:p>
                                <w:pPr>
                                    <w:pStyle w:val="Normal"/>
                                    <w:jc w:val="center"/>
                                </w:pPr>
                                <w:r>
                                    <w:t>2</w:t>
                                </w:r>
                            </w:p>
                            <w:p>
                                <w:pPr>
                                    <w:pStyle w:val="Normal"/>
                                    <w:jc w:val="center"/>
                                </w:pPr>
                                <w:r>
                                    <w:t>3</w:t>
                                </w:r>
                            </w:p>
                        </entry>
                        <entry align="center" valign="top">
                            <w:p w14:noSpellErr="1">
                                <w:pPr>
                                    <w:pStyle w:val="Normal"/>
                                    <w:jc w:val="center"/>
                                </w:pPr>
                                <w:r>
                                    <w:t>Center-Top</w:t>
                                </w:r>
                            </w:p>
                            <w:p w14:noSpellErr="1">
                                <w:pPr>
                                    <w:pStyle w:val="Normal"/>
                                    <w:jc w:val="center"/>
                                </w:pPr>
                                <w:r>
                                    <w:t>Center-Top</w:t>
                                </w:r>
                            </w:p>
                        </entry>
                        <entry align="center" valign="middle">
                            <w:p w14:noSpellErr="1">
                                <w:pPr>
                                    <w:pStyle w:val="Normal"/>
                                    <w:jc w:val="center"/>
                                </w:pPr>
                                <w:r>
                                    <w:t>Center-Middle</w:t>
                                </w:r>
                            </w:p>
                            <w:p w14:noSpellErr="1">
                                <w:pPr>
                                    <w:pStyle w:val="Normal"/>
                                    <w:jc w:val="center"/>
                                </w:pPr>
                                <w:r>
                                    <w:t>Center-Middle</w:t>
                                </w:r>
                            </w:p>
                        </entry>
                        <entry align="center" valign="bottom">
                            <w:p w14:noSpellErr="1">
                                <w:pPr>
                                    <w:pStyle w:val="Normal"/>
                                    <w:jc w:val="center"/>
                                </w:pPr>
                                <w:r>
                                    <w:t>Center-Bottom</w:t>
                                </w:r>
                            </w:p>
                            <w:p w14:noSpellErr="1">
                                <w:pPr>
                                    <w:pStyle w:val="Normal"/>
                                    <w:jc w:val="center"/>
                                </w:pPr>
                                <w:r>
                                    <w:t>Center-Bottom</w:t>
                                </w:r>
                            </w:p>
                        </entry>
                    </row>
                    <row>
                        <entry align="center" valign="top">
                            <w:p>
                                <w:pPr>
                                    <w:pStyle w:val="Normal"/>
                                    <w:jc w:val="center"/>
                                </w:pPr>
                                <w:r>
                                    <w:t>1</w:t>
                                </w:r>
                            </w:p>
                            <w:p>
                                <w:pPr>
                                    <w:pStyle w:val="Normal"/>
                                    <w:jc w:val="center"/>
                                </w:pPr>
                                <w:r>
                                    <w:t>2</w:t>
                                </w:r>
                            </w:p>
                            <w:p>
                                <w:pPr>
                                    <w:pStyle w:val="Normal"/>
                                    <w:jc w:val="center"/>
                                </w:pPr>
                                <w:r>
                                    <w:t>3</w:t>
                                </w:r>
                            </w:p>
                        </entry>
                        <entry align="right" valign="top">
                            <w:p w14:noSpellErr="1">
                                <w:pPr>
                                    <w:pStyle w:val="Normal"/>
                                    <w:jc w:val="right"/>
                                </w:pPr>
                                <w:r>
                                    <w:t>Right-Top</w:t>
                                </w:r>
                            </w:p>
                            <w:p w14:noSpellErr="1">
                                <w:pPr>
                                    <w:pStyle w:val="Normal"/>
                                    <w:jc w:val="right"/>
                                </w:pPr>
                                <w:r>
                                    <w:t>Right-Top</w:t>
                                </w:r>
                            </w:p>
                        </entry>
                        <entry align="right" valign="middle">
                            <w:p w14:noSpellErr="1">
                                <w:pPr>
                                    <w:pStyle w:val="Normal"/>
                                    <w:jc w:val="right"/>
                                </w:pPr>
                                <w:r>
                                    <w:t>Right-Middle</w:t>
                                </w:r>
                            </w:p>
                            <w:p w14:noSpellErr="1">
                                <w:pPr>
                                    <w:pStyle w:val="Normal"/>
                                    <w:jc w:val="right"/>
                                </w:pPr>
                                <w:r>
                                    <w:t>Right-Middle</w:t>
                                </w:r>
                            </w:p>
                        </entry>
                        <entry align="right" valign="bottom">
                            <w:p w14:noSpellErr="1">
                                <w:pPr>
                                    <w:pStyle w:val="Normal"/>
                                    <w:jc w:val="right"/>
                                </w:pPr>
                                <w:r>
                                    <w:t>Right-Bottom</w:t>
                                </w:r>
                            </w:p>
                            <w:p w14:noSpellErr="1">
                                <w:pPr>
                                    <w:pStyle w:val="Normal"/>
                                    <w:jc w:val="right"/>
                                </w:pPr>
                                <w:r>
                                    <w:t>Right-Bottom</w:t>
                                </w:r>
                            </w:p>
                        </entry>
                    </row>
                    <row>
                        <entry align="center" valign="top">
                            <w:p>
                                <w:pPr>
                                    <w:pStyle w:val="Normal"/>
                                    <w:jc w:val="center"/>
                                </w:pPr>
                                <w:r>
                                    <w:t>1</w:t>
                                </w:r>
                            </w:p>
                            <w:p>
                                <w:pPr>
                                    <w:pStyle w:val="Normal"/>
                                    <w:jc w:val="center"/>
                                </w:pPr>
                                <w:r>
                                    <w:t>2</w:t>
                                </w:r>
                            </w:p>
                            <w:p>
                                <w:pPr>
                                    <w:pStyle w:val="Normal"/>
                                    <w:jc w:val="center"/>
                                </w:pPr>
                                <w:r>
                                    <w:t>3</w:t>
                                </w:r>
                            </w:p>
                        </entry>
                        <entry align="justify" valign="top">
                            <w:p w14:noSpellErr="1">
                                <w:pPr>
                                    <w:pStyle w:val="Normal"/>
                                    <w:jc w:val="both"/>
                                </w:pPr>
                                <w:r>
                                    <w:t>Justify-Top</w:t>
                                </w:r>
                            </w:p>
                            <w:p w14:noSpellErr="1">
                                <w:pPr>
                                    <w:pStyle w:val="Normal"/>
                                    <w:jc w:val="both"/>
                                </w:pPr>
                                <w:r>
                                    <w:t>Justify-Top</w:t>
                                </w:r>
                            </w:p>
                        </entry>
                        <entry align="justify" valign="middle">
                            <w:p w14:noSpellErr="1">
                                <w:pPr>
                                    <w:pStyle w:val="Normal"/>
                                    <w:jc w:val="both"/>
                                </w:pPr>
                                <w:r>
                                    <w:t>Justify-Middle</w:t>
                                </w:r>
                            </w:p>
                            <w:p w14:noSpellErr="1">
                                <w:pPr>
                                    <w:pStyle w:val="Normal"/>
                                    <w:jc w:val="both"/>
                                </w:pPr>
                                <w:r>
                                    <w:t>Justify-Middle</w:t>
                                </w:r>
                            </w:p>
                        </entry>
                        <entry align="justify" valign="bottom">
                            <w:p w14:noSpellErr="1">
                                <w:pPr>
                                    <w:pStyle w:val="Normal"/>
                                    <w:jc w:val="both"/>
                                </w:pPr>
                                <w:r>
                                    <w:t>Justify-Bottom</w:t>
                                </w:r>
                            </w:p>
                            <w:p w14:noSpellErr="1">
                                <w:pPr>
                                    <w:pStyle w:val="Normal"/>
                                    <w:jc w:val="both"/>
                                </w:pPr>
                                <w:r>
                                    <w:t>Justify-Bottom</w:t>
                                </w:r>
                            </w:p>
                        </entry>
                    </row>
                    <row>
                        <entry align="center" valign="top">
                            <w:p>
                                <w:pPr>
                                    <w:pStyle w:val="Normal"/>
                                    <w:jc w:val="center"/>
                                </w:pPr>
                                <w:r>
                                    <w:t>1</w:t>
                                </w:r>
                            </w:p>
                            <w:p>
                                <w:pPr>
                                    <w:pStyle w:val="Normal"/>
                                    <w:jc w:val="center"/>
                                </w:pPr>
                                <w:r>
                                    <w:t>2</w:t>
                                </w:r>
                            </w:p>
                            <w:p>
                                <w:pPr>
                                    <w:pStyle w:val="Normal"/>
                                    <w:jc w:val="center"/>
                                </w:pPr>
                                <w:r>
                                    <w:t>3</w:t>
                                </w:r>
                            </w:p>
                        </entry>
                        <entry align="justify" valign="top">
                            <w:p w14:noSpellErr="1">
                                <w:pPr>
                                    <w:pStyle w:val="Normal"/>
                                    <w:jc w:val="distribute"/>
                                </w:pPr>
                                <w:r>
                                    <w:t>Distributed-Top</w:t>
                                </w:r>
                            </w:p>
                            <w:p w14:noSpellErr="1">
                                <w:pPr>
                                    <w:pStyle w:val="Normal"/>
                                    <w:jc w:val="distribute"/>
                                </w:pPr>
                                <w:r>
                                    <w:t>Distributed-Top</w:t>
                                </w:r>
                            </w:p>
                        </entry>
                        <entry align="justify" valign="middle">
                            <w:p w14:noSpellErr="1">
                                <w:pPr>
                                    <w:pStyle w:val="Normal"/>
                                    <w:jc w:val="distribute"/>
                                </w:pPr>
                                <w:r>
                                    <w:t>Distributed-Middle</w:t>
                                </w:r>
                            </w:p>
                            <w:p w14:noSpellErr="1">
                                <w:pPr>
                                    <w:pStyle w:val="Normal"/>
                                    <w:jc w:val="distribute"/>
                                </w:pPr>
                                <w:r>
                                    <w:t>Distributed-Middle</w:t>
                                </w:r>
                            </w:p>
                        </entry>
                        <entry align="justify" valign="bottom">
                            <w:p w14:noSpellErr="1">
                                <w:pPr>
                                    <w:pStyle w:val="Normal"/>
                                    <w:jc w:val="distribute"/>
                                </w:pPr>
                                <w:r>
                                    <w:t>Distributed-Bottom</w:t>
                                </w:r>
                            </w:p>
                            <w:p w14:noSpellErr="1">
                                <w:pPr>
                                    <w:pStyle w:val="Normal"/>
                                    <w:jc w:val="distribute"/>
                                </w:pPr>
                                <w:r>
                                    <w:t>Distributed-Bottom</w:t>
                                </w:r>
                            </w:p>
                        </entry>
                    </row>
                </tbody>
            </tgroup>
        </table>
        <w:p>
            <w:pPr>
                <w:pStyle w:val="Normal"/>
            </w:pPr>
        </w:p>
        <w:sectPr>
            <w:pgSz w:w="12240" w:h="15840" w:orient="portrait"/>
            <w:pgMar w:top="1440" w:right="1440" w:bottom="1440" w:left="1440" w:header="720" w:footer="720"
                     w:gutter="0"/>
            <w:cols w:space="720"/>
            <w:docGrid w:linePitch="360"/>
        </w:sectPr>
    </w:body>
</w:document>
