<expected xmlns:w="http://schemas.openxmlformats.org/wordprocessingml/2006/main">
  <table pgwide="0" colsep="1" frame="topbot" rowsep="1" tabstyle="TableauGrille2-Accentuation1">
    <tgroup cols="3">
      <colspec colname="c1" colwidth="78.80pt"/>
      <colspec colname="c2" colwidth="82.75pt"/>
      <colspec colname="c3" colwidth="61.70pt"/>
      <tbody>
        <row>
          <entry>
            <w:p/>
          </entry>
          <entry namest="c2" nameend="c3">
            <w:p/>
          </entry>
        </row>
        <row>
          <entry>
            <w:p/>
          </entry>
          <entry>
            <w:p/>
          </entry>
          <entry>
            <w:p/>
          </entry>
        </row>
        <row>
          <entry>
            <w:p/>
          </entry>
          <entry>
            <w:p/>
          </entry>
          <entry>
            <w:p/>
          </entry>
        </row>
        <row>
          <entry>
            <w:p/>
          </entry>
          <entry>
            <w:p/>
          </entry>
          <entry>
            <w:p/>
          </entry>
        </row>
        <row>
          <entry>
            <w:p/>
          </entry>
          <entry>
            <w:p/>
          </entry>
          <entry>
            <w:p/>
          </entry>
        </row>
        <row>
          <entry>
            <w:p/>
          </entry>
          <entry>
            <w:p/>
          </entry>
          <entry>
            <w:p/>
          </entry>
        </row>
        <row>
          <entry>
            <w:p/>
          </entry>
          <entry>
            <w:p/>
          </entry>
          <entry>
            <w:p/>
          </entry>
        </row>
        <row>
          <entry>
            <w:p/>
          </entry>
          <entry>
            <w:p/>
          </entry>
          <entry>
            <w:p/>
          </entry>
        </row>
        <row>
          <entry>
            <w:p/>
          </entry>
          <entry>
            <w:p/>
          </entry>
          <entry>
            <w:p/>
          </entry>
        </row>
      </tbody>
    </tgroup>
  </table>
  <table pgwide="1" colsep="1" frame="all" rowsep="1" tabstyle="TableauGrille4-Accentuation1">
    <tgroup cols="11">
      <colspec colname="c1" colwidth="63.65pt"/>
      <colspec colname="c2" colwidth="41.40pt"/>
      <colspec colname="c3" colwidth="43.75pt"/>
      <colspec colname="c4" colwidth="39.65pt"/>
      <colspec colname="c5" colwidth="39.65pt"/>
      <colspec colname="c6" colwidth="39.65pt"/>
      <colspec colname="c7" colwidth="38.80pt"/>
      <colspec colname="c8" colwidth="38.85pt"/>
      <colspec colname="c9" colwidth="38.85pt"/>
      <colspec colname="c10" colwidth="43.75pt"/>
      <colspec colname="c11" colwidth="38.85pt"/>
      <thead>
        <row>
          <entry>
            <w:p/>
          </entry>
          <entry>
            <w:p/>
          </entry>
          <entry>
            <w:p/>
          </entry>
          <entry>
            <w:p/>
          </entry>
          <entry>
            <w:p/>
          </entry>
          <entry>
            <w:p/>
          </entry>
          <entry>
            <w:p/>
          </entry>
          <entry>
            <w:p/>
          </entry>
          <entry>
            <w:p/>
          </entry>
          <entry>
            <w:p/>
          </entry>
          <entry>
            <w:p/>
          </entry>
        </row>
      </thead>
      <tbody>
        <row>
          <entry>
            <w:p/>
          </entry>
          <entry>
            <w:p/>
          </entry>
          <entry>
            <w:p/>
          </entry>
          <entry>
            <w:p/>
          </entry>
          <entry>
            <w:p/>
          </entry>
          <entry>
            <w:p/>
          </entry>
          <entry>
            <w:p/>
          </entry>
          <entry>
            <w:p/>
          </entry>
          <entry>
            <w:p/>
          </entry>
          <entry>
            <w:p/>
          </entry>
          <entry>
            <w:p/>
          </entry>
        </row>
        <row>
          <entry>
            <w:p/>
          </entry>
          <entry>
            <w:p/>
          </entry>
          <entry>
            <w:p/>
          </entry>
          <entry>
            <w:p/>
          </entry>
          <entry>
            <w:p/>
          </entry>
          <entry>
            <w:p/>
          </entry>
          <entry>
            <w:p/>
          </entry>
          <entry>
            <w:p/>
          </entry>
          <entry>
            <w:p/>
          </entry>
          <entry>
            <w:p/>
          </entry>
          <entry>
            <w:p/>
          </entry>
        </row>
        <row>
          <entry>
            <w:p/>
          </entry>
          <entry>
            <w:p/>
          </entry>
          <entry>
            <w:p/>
          </entry>
          <entry>
            <w:p/>
          </entry>
          <entry>
            <w:p/>
          </entry>
          <entry>
            <w:p/>
          </entry>
          <entry>
            <w:p/>
          </entry>
          <entry>
            <w:p/>
          </entry>
          <entry>
            <w:p/>
          </entry>
          <entry>
            <w:p/>
          </entry>
          <entry>
            <w:p/>
          </entry>
        </row>
        <row>
          <entry>
            <w:p/>
          </entry>
          <entry>
            <w:p/>
          </entry>
          <entry>
            <w:p/>
          </entry>
          <entry>
            <w:p/>
          </entry>
          <entry>
            <w:p/>
          </entry>
          <entry>
            <w:p/>
          </entry>
          <entry>
            <w:p/>
          </entry>
          <entry>
            <w:p/>
          </entry>
          <entry>
            <w:p/>
          </entry>
          <entry>
            <w:p/>
          </entry>
          <entry>
            <w:p/>
          </entry>
        </row>
        <row>
          <entry>
            <w:p/>
          </entry>
          <entry>
            <w:p/>
          </entry>
          <entry>
            <w:p/>
          </entry>
          <entry>
            <w:p/>
          </entry>
          <entry>
            <w:p/>
          </entry>
          <entry>
            <w:p/>
          </entry>
          <entry>
            <w:p/>
          </entry>
          <entry>
            <w:p/>
          </entry>
          <entry>
            <w:p/>
          </entry>
          <entry>
            <w:p/>
          </entry>
          <entry>
            <w:p/>
          </entry>
        </row>
        <row>
          <entry>
            <w:p/>
          </entry>
          <entry>
            <w:p/>
          </entry>
          <entry>
            <w:p/>
          </entry>
          <entry>
            <w:p/>
          </entry>
          <entry>
            <w:p/>
          </entry>
          <entry>
            <w:p/>
          </entry>
          <entry>
            <w:p/>
          </entry>
          <entry>
            <w:p/>
          </entry>
          <entry>
            <w:p/>
          </entry>
          <entry>
            <w:p/>
          </entry>
          <entry>
            <w:p/>
          </entry>
        </row>
        <row>
          <entry>
            <w:p/>
          </entry>
          <entry>
            <w:p/>
          </entry>
          <entry>
            <w:p/>
          </entry>
          <entry>
            <w:p/>
          </entry>
          <entry>
            <w:p/>
          </entry>
          <entry>
            <w:p/>
          </entry>
          <entry>
            <w:p/>
          </entry>
          <entry>
            <w:p/>
          </entry>
          <entry>
            <w:p/>
          </entry>
          <entry>
            <w:p/>
          </entry>
          <entry>
            <w:p/>
          </entry>
        </row>
        <row>
          <entry>
            <w:p/>
          </entry>
          <entry>
            <w:p/>
          </entry>
          <entry>
            <w:p/>
          </entry>
          <entry>
            <w:p/>
          </entry>
          <entry>
            <w:p/>
          </entry>
          <entry>
            <w:p/>
          </entry>
          <entry>
            <w:p/>
          </entry>
          <entry>
            <w:p/>
          </entry>
          <entry>
            <w:p/>
          </entry>
          <entry>
            <w:p/>
          </entry>
          <entry>
            <w:p/>
          </entry>
        </row>
        <row>
          <entry>
            <w:p/>
          </entry>
          <entry>
            <w:p/>
          </entry>
          <entry>
            <w:p/>
          </entry>
          <entry>
            <w:p/>
          </entry>
          <entry>
            <w:p/>
          </entry>
          <entry>
            <w:p/>
          </entry>
          <entry>
            <w:p/>
          </entry>
          <entry>
            <w:p/>
          </entry>
          <entry>
            <w:p/>
          </entry>
          <entry>
            <w:p/>
          </entry>
          <entry>
            <w:p/>
          </entry>
        </row>
        <row>
          <entry>
            <w:p/>
          </entry>
          <entry>
            <w:p/>
          </entry>
          <entry>
            <w:p/>
          </entry>
          <entry>
            <w:p/>
          </entry>
          <entry>
            <w:p/>
          </entry>
          <entry>
            <w:p/>
          </entry>
          <entry>
            <w:p/>
          </entry>
          <entry>
            <w:p/>
          </entry>
          <entry>
            <w:p/>
          </entry>
          <entry>
            <w:p/>
          </entry>
          <entry>
            <w:p/>
          </entry>
        </row>
        <row>
          <entry>
            <w:p/>
          </entry>
          <entry>
            <w:p/>
          </entry>
          <entry>
            <w:p/>
          </entry>
          <entry>
            <w:p/>
          </entry>
          <entry>
            <w:p/>
          </entry>
          <entry>
            <w:p/>
          </entry>
          <entry>
            <w:p/>
          </entry>
          <entry>
            <w:p/>
          </entry>
          <entry>
            <w:p/>
          </entry>
          <entry>
            <w:p/>
          </entry>
          <entry>
            <w:p/>
          </entry>
        </row>
        <row>
          <entry>
            <w:p/>
          </entry>
          <entry>
            <w:p/>
          </entry>
          <entry>
            <w:p/>
          </entry>
          <entry>
            <w:p/>
          </entry>
          <entry>
            <w:p/>
          </entry>
          <entry>
            <w:p/>
          </entry>
          <entry>
            <w:p/>
          </entry>
          <entry>
            <w:p/>
          </entry>
          <entry>
            <w:p/>
          </entry>
          <entry>
            <w:p/>
          </entry>
          <entry>
            <w:p/>
          </entry>
        </row>
        <row>
          <entry>
            <w:p/>
          </entry>
          <entry>
            <w:p/>
          </entry>
          <entry>
            <w:p/>
          </entry>
          <entry>
            <w:p/>
          </entry>
          <entry>
            <w:p/>
          </entry>
          <entry>
            <w:p/>
          </entry>
          <entry>
            <w:p/>
          </entry>
          <entry>
            <w:p/>
          </entry>
          <entry>
            <w:p/>
          </entry>
          <entry>
            <w:p/>
          </entry>
          <entry>
            <w:p/>
          </entry>
        </row>
        <row>
          <entry>
            <w:p/>
          </entry>
          <entry>
            <w:p/>
          </entry>
          <entry>
            <w:p/>
          </entry>
          <entry>
            <w:p/>
          </entry>
          <entry>
            <w:p/>
          </entry>
          <entry>
            <w:p/>
          </entry>
          <entry>
            <w:p/>
          </entry>
          <entry>
            <w:p/>
          </entry>
          <entry>
            <w:p/>
          </entry>
          <entry>
            <w:p/>
          </entry>
          <entry>
            <w:p/>
          </entry>
        </row>
        <row>
          <entry>
            <w:p/>
          </entry>
          <entry>
            <w:p/>
          </entry>
          <entry>
            <w:p/>
          </entry>
          <entry>
            <w:p/>
          </entry>
          <entry>
            <w:p/>
          </entry>
          <entry>
            <w:p/>
          </entry>
          <entry>
            <w:p/>
          </entry>
          <entry>
            <w:p/>
          </entry>
          <entry>
            <w:p/>
          </entry>
          <entry>
            <w:p/>
          </entry>
          <entry>
            <w:p/>
          </entry>
        </row>
        <row>
          <entry>
            <w:p/>
          </entry>
          <entry>
            <w:p/>
          </entry>
          <entry>
            <w:p/>
          </entry>
          <entry>
            <w:p/>
          </entry>
          <entry>
            <w:p/>
          </entry>
          <entry>
            <w:p/>
          </entry>
          <entry>
            <w:p/>
          </entry>
          <entry>
            <w:p/>
          </entry>
          <entry>
            <w:p/>
          </entry>
          <entry>
            <w:p/>
          </entry>
          <entry>
            <w:p/>
          </entry>
        </row>
        <row>
          <entry>
            <w:p/>
          </entry>
          <entry>
            <w:p/>
          </entry>
          <entry>
            <w:p/>
          </entry>
          <entry>
            <w:p/>
          </entry>
          <entry>
            <w:p/>
          </entry>
          <entry>
            <w:p/>
          </entry>
          <entry>
            <w:p/>
          </entry>
          <entry>
            <w:p/>
          </entry>
          <entry>
            <w:p/>
          </entry>
          <entry>
            <w:p/>
          </entry>
          <entry>
            <w:p/>
          </entry>
        </row>
        <row>
          <entry>
            <w:p/>
          </entry>
          <entry>
            <w:p/>
          </entry>
          <entry>
            <w:p/>
          </entry>
          <entry>
            <w:p/>
          </entry>
          <entry>
            <w:p/>
          </entry>
          <entry>
            <w:p/>
          </entry>
          <entry>
            <w:p/>
          </entry>
          <entry>
            <w:p/>
          </entry>
          <entry>
            <w:p/>
          </entry>
          <entry>
            <w:p/>
          </entry>
          <entry>
            <w:p/>
          </entry>
        </row>
        <row>
          <entry>
            <w:p/>
          </entry>
          <entry>
            <w:p/>
          </entry>
          <entry>
            <w:p/>
          </entry>
          <entry>
            <w:p/>
          </entry>
          <entry>
            <w:p/>
          </entry>
          <entry>
            <w:p/>
          </entry>
          <entry>
            <w:p/>
          </entry>
          <entry>
            <w:p/>
          </entry>
          <entry>
            <w:p/>
          </entry>
          <entry>
            <w:p/>
          </entry>
          <entry>
            <w:p/>
          </entry>
        </row>
      </tbody>
    </tgroup>
  </table>
</expected>